// Vitest Snapshot v1, https://vitest.dev/guide/snapshot.html

exports[`Box > matches snapshot 1`] = `
<DocumentFragment>
  <div
    class="box-item"
    data-testid="box-box-1"
  >
    <div
      aria-label="120px by 80px #123456 box"
      class="box-visual"
      data-color="#123456"
      style="width: 120px; height: 80px; background-color: #123456;"
    />
    <button
      aria-label="Remove box"
      class="danger"
      type="button"
    >
      X
    </button>
  </div>
</DocumentFragment>
`;
